
1:1: error:
	 Invalid type application
	    Id_TL () ()
	 Type constructor Id_TL needs 1 parameter, 2 provided.