
1:16: error:
	 Lambda at 1:1 binds only type variables.
	 Use the unrestricted arrow ‘->’ for this case.