
1:12: error:
	 Non-associative operators
	     (<=) at 1:5
	 and (<=) at 1:12
	 are used next to each other.
	
	 Use parentheses to explicitly specify the associativity.