
1:16: error:
	 Types in benchmark are equal.

4:1: error:
	 Types in benchmark are equal.