
1:23: error:
	 Expression
	     Î»(i:Int) -> i
	 has type
	     Int -> Int
	 but context demands a subtype of
	     () -> Int