
2:3: error:
	 Branches of a receiving case must bind exactly one variable.