
2:1: error:
	 Incomplete case. Missing branch:
	    D0'

2:5: error:
	 D0 is not a constructor for type D0'