Exp.App
|
+- Exp.Var (+)#Builtin.19
|
`- Exp.App
   |
   +- Exp.App
   |  |
   |  +- Exp.Var (+)#Builtin.19
   |  |
   |  `- Exp.Lit
   |     |
   |     `- Lit.Int 1
   |
   `- Exp.Lit
      |
      `- Lit.Int 2

