Type.Forall a:TU
|
`- Type.Forall b:TU
   |
   `- Type.Var a

