Type.Pair
|
+- Type.Con A
|
`- Type.Negate
   |
   `- Type.Con B

