Type.Pair
|
+- Type.Negate
|  |
|  `- Type.Con A
|
`- Type.Negate
   |
   `- Type.Con B

