
1:6: error:
	 Conflicting definitions for a
	 Bound at: 1:6
	           1:9