Exp.TypeApp
|
+- Exp.TypeApp
|  |
|  +- Exp.Var (|>)
|  |
|  `- Type.Con Int
|
`- Type.Con String

