Exp.App
|
+- Exp.App
|  |
|  +- Exp.App
|  |  |
|  |  +- Exp.Var (+)
|  |  |
|  |  `- Exp.Var (*)
|  |
|  `- Exp.Var (-)
|
`- Exp.Var (/)

