Exp.App
|
+- Exp.App
|  |
|  +- Exp.Var (&&)
|  |
|  `- Exp.App
|     |
|     +- Exp.App
|     |  |
|     |  +- Exp.Var (<=)
|     |  |
|     |  `- Exp.Var a
|     |
|     `- Exp.Var b
|
`- Exp.App
   |
   +- Exp.App
   |  |
   |  +- Exp.Var (<=)
   |  |
   |  `- Exp.Var b
   |
   `- Exp.Var c

