Exp.App
|
+- Exp.Var (==)#Builtin.19
|
`- Exp.Var global#R.0

