Exp.App
|
+- Exp.Var (+)#Builtin.22
|
`- Exp.App
   |
   +- Exp.App
   |  |
   |  +- Exp.Var (*)#Builtin.24
   |  |
   |  `- Exp.App
   |     |
   |     +- Exp.Var global#R.0
   |     |
   |     `- Exp.Lit
   |        |
   |        `- Lit.Int 1
   |
   `- Exp.App
      |
      +- Exp.Var global#R.0
      |
      `- Exp.Lit
         |
         `- Lit.Int 2

