
1:9: error:
	 Conflicting definitions for a
	 Bound at: 1:9
	           1:11

3:9: error:
	 Conflicting definitions for b
	 Bound at: 3:9
	           3:11

5:13: error:
	 Conflicting definitions for c
	 Bound at: 5:13
	           5:15