
2:15: error:
	 Unexpected kind P for type -Int
	 Expected a subkind of TU