Type.Dualof
|
`- Type.Dualof
   |
   `- Type.Con T

